ATTR		EQU 05800H
ATTRLEN		EQU 00300H
Amulet01	EQU 09834H
Amulet02	EQU 0990EH
Amulet03	EQU 099E8H
Amulet04	EQU 09AC2H
Attr		EQU 07DC1H
BltMemScr	EQU 07E1DH
CHRSET		EQU 03D00H
ClrMemScr	EQU 07E08H
ClrScr		EQU 07DE7H
ColTest		EQU 07F9DH
ColTest1	EQU 07FAAH
ColTest2	EQU 07FACH
ColTestEnd	EQU 07FBBH
DOWN		EQU 07ADBH
DOWNDOTEST	EQU 07B10H
DOWNMOVE	EQU 07B00H
DOWNSCREEN	EQU 07B2DH
DSNCAttrs	EQU 07F69H
DSNCAttrs1	EQU 07F7CH
DSNCAttrs2	EQU 07F80H
DSNCSkip	EQU 07F88H
DSNCattr	EQU 07F2DH
DSNCfast	EQU 07F39H
DSNCfast1	EQU 07F4DH
DSNCfast2	EQU 07F50H
DSNCodd		EQU 07F2DH
DSNCslow	EQU 07EDFH
DSNCslow0	EQU 07EFAH
DSNCslow1	EQU 07EFCH
DSNCslow2	EQU 07F07H
Decy		EQU 07D44H
DoColTest	EQU 0D1C4H
DrawMap		EQU 07D27H
DrwChr		EQU 07EB3H
DrwMapPos	EQU 079F3H
DrwPanel	EQU 079B1H
DrwScr		EQU 07E4EH
DrwSprNC	EQU 07ED9H
DrwStr		EQU 07ECBH
DrwTile		EQU 07E76H
FixCheck	EQU 07CC9H
FixSMPos	EQU 07C87H
Fixed		EQU 07CC4H
Flower		EQU 097E3H
Flower000	EQU 08B07H
Flower001	EQU 08B3FH
Flower002	EQU 08B77H
Flower003	EQU 08BAFH
Flower004	EQU 08BE7H
Flower005	EQU 08C1FH
Flower006	EQU 08C57H
Flower007	EQU 08C8FH
HI		EQU 0D135H
Incy		EQU 07D35H
LEFT		EQU 07B65H
LEFTDOTEST	EQU 07B9AH
LEFTMOVE	EQU 07B8AH
LEFTSCREEN	EQU 07BB4H
LastCode	EQU 07FBEH
MAPHEIGHT	EQU 00010H
MAPPOS		EQU 0D14DH
MAPWIDTH	EQU 00010H
MAP_Coord	EQU 0D1C2H
MAttr		EQU 07D8CH
MAttr2		EQU 07DA1H
MEMSCRLEN	EQU 018BFH
MM_Move		EQU 07A1DH
MPix		EQU 07D74H
Map2Scr		EQU 07DCBH
MapIdx2Scr	EQU 07DD9H
MapTable	EQU 0CF2FH
MemAttr		EQU 076C4H
MemScr		EQU 060C4H
MoveLoop	EQU 07994H
NEXTFRAME	EQU 07C6BH
NEXTFRAME1	EQU 07C80H
Num2Txt		EQU 07A0FH
Pause		EQU 0799FH
Pix		EQU 07D55H
Plants00	EQU 0A6C9H
Plants01	EQU 0A5E6H
Plants02	EQU 0A263H
Plants03	EQU 0A0D5H
Plants05	EQU 0A2BFH
Plants06	EQU 0A2F7H
Plants07	EQU 0A90DH
Plants08	EQU 0A082H
Plants09	EQU 0AA8BH
Plants10	EQU 09FF0H
Plants11	EQU 0A98DH
Plants12	EQU 0A4F1H
Plants13	EQU 09EB3H
Plants14	EQU 09DF4H
Plants18	EQU 0AAF9H
Plants19	EQU 09DD7H
Plants20	EQU 09D33H
Poof		EQU 09801H
Poof000		EQU 08EB9H
Poof001		EQU 08F0CH
Poof002		EQU 08F5FH
Poof003		EQU 08FB2H
Poof004		EQU 09005H
Poof005		EQU 09058H
RIGHT		EQU 07BE9H
RIGHTDOTEST	EQU 07C1EH
RIGHTMOVE	EQU 07C0EH
RIGHTSCREEN	EQU 07C39H
RhinoRunLeft	EQU 0980EH
RhinoRunLeft000	EQU 090ABH
RhinoRunLeft001	EQU 09119H
RhinoRunRight	EQU 09813H
RhinoRunRight000 EQU 09187H
RhinoRunRight001 EQU 091F5H
SCORE1		EQU 0D138H
SCORE2		EQU 0D13FH
SCOREC		EQU 0D154H
SCOREH		EQU 0D146H
SCREEN		EQU 04000H
SCREEN2		EQU 04040H
SCRLEN		EQU 01800H
SCRWIDTH	EQU 00020H
SM_Color	EQU 0D1BCH
SM_Draw		EQU 07CD0H
SM_Erase	EQU 07CECH
SM_Frame	EQU 0D1B9H
SM_Move		EQU 07A1EH
SM_OFrame	EQU 0D1BFH
SM_OPos		EQU 0D1C0H
SM_OSprite	EQU 0D1BDH
SM_Pos		EQU 0D1BAH
SM_Size		EQU 07D06H
SM_Sprite	EQU 0D1B7H
SabreManDeadLeft EQU 097D1H
SabreManDeadLeft000 EQU 0886FH
SabreManDeadLeft001 EQU 088C2H
SabreManDeadLeft002 EQU 08915H
SabreManDeadLeft003 EQU 08968H
SabreManDeadRight EQU 097DAH
SabreManDeadRight000 EQU 089BBH
SabreManDeadRight001 EQU 08A0EH
SabreManDeadRight002 EQU 08A61H
SabreManDeadRight003 EQU 08AB4H
SabreManSwordLeft EQU 097AFH
SabreManSwordLeft000 EQU 0833FH
SabreManSwordLeft001 EQU 08392H
SabreManSwordLeft002 EQU 083E5H
SabreManSwordLeft003 EQU 08438H
SabreManSwordLeft004 EQU 0848BH
SabreManSwordLeft005 EQU 084DEH
SabreManSwordLeft006 EQU 08531H
SabreManSwordLeft007 EQU 08584H
SabreManSwordRight EQU 097C0H
SabreManSwordRight000 EQU 085D7H
SabreManSwordRight001 EQU 0862AH
SabreManSwordRight002 EQU 0867DH
SabreManSwordRight003 EQU 086D0H
SabreManSwordRight004 EQU 08723H
SabreManSwordRight005 EQU 08776H
SabreManSwordRight006 EQU 087C9H
SabreManSwordRight007 EQU 0881CH
SabreManWalkDown EQU 097A6H
SabreManWalkDown000 EQU 0825FH
SabreManWalkDown001 EQU 08297H
SabreManWalkDown002 EQU 082CFH
SabreManWalkDown003 EQU 08307H
SabreManWalkLeft EQU 0978BH
SabreManWalkLeft000 EQU 07FBFH
SabreManWalkLeft001 EQU 07FF7H
SabreManWalkLeft002 EQU 0802FH
SabreManWalkLeft003 EQU 08067H
SabreManWalkRight EQU 09794H
SabreManWalkRight000 EQU 0809FH
SabreManWalkRight001 EQU 080D7H
SabreManWalkRight002 EQU 0810FH
SabreManWalkRight003 EQU 08147H
SabreManWalkUp	EQU 0979DH
SabreManWalkUp000 EQU 0817FH
SabreManWalkUp001 EQU 081B7H
SabreManWalkUp002 EQU 081EFH
SabreManWalkUp003 EQU 08227H
ScorePanel	EQU 00000H
Screen000x000	EQU 0C222H
Screen000x001	EQU 0C369H
Screen000x002	EQU 0C6B7H
Screen000x004	EQU 0C9FCH
Screen000x008	EQU 0CB4CH
Screen000x014	EQU 0CE0CH
Screen000x015	EQU 0CE3AH
Screen001x000	EQU 0C250H
Screen001x001	EQU 0C3AFH
Screen001x002	EQU 0C6F7H
Screen001x003	EQU 0C840H
Screen001x015	EQU 0CE68H
Screen002x001	EQU 0C42BH
Screen002x002	EQU 0C75EH
Screen002x015	EQU 0CE93H
Screen003x000	EQU 0C293H
Screen003x001	EQU 0C471H
Screen003x015	EQU 0CEC4H
Screen004x000	EQU 0C2CDH
Screen004x001	EQU 0C4B4H
Screen004x003	EQU 0C8BCH
Screen004x004	EQU 0CA27H
Screen005x001	EQU 0C503H
Screen006x001	EQU 0C546H
Screen006x002	EQU 0C79BH
Screen006x009	EQU 0CC4FH
Screen007x001	EQU 0C589H
Screen007x002	EQU 0C7C9H
Screen007x003	EQU 0C8FFH
Screen007x006	EQU 0CA61H
Screen007x007	EQU 0CA80H
Screen007x008	EQU 0CB80H
Screen007x009	EQU 0CC9EH
Screen008x007	EQU 0CACCH
Screen008x008	EQU 0CBCFH
Screen008x009	EQU 0CCD5H
Screen009x003	EQU 0C94EH
Screen010x000	EQU 0C301H
Screen010x009	EQU 0CD12H
Screen011x001	EQU 0C5C6H
Screen012x013	EQU 0CDC9H
Screen013x001	EQU 0C60CH
Screen013x003	EQU 0C99AH
Screen014x001	EQU 0C64FH
Screen014x009	EQU 0CD46H
Screen015x000	EQU 0C338H
Screen015x001	EQU 0C680H
Screen015x002	EQU 0C80FH
Screen015x003	EQU 0C9CBH
Screen015x007	EQU 0CB1BH
Screen015x008	EQU 0CC1EH
Screen015x011	EQU 0CD92H
Screen015x015	EQU 0CEF5H
Scrolls		EQU 0D1B6H
SpriteTable	EQU 0978BH
Start		EQU 07985H
Sticks		EQU 097F4H
Sticks000	EQU 08CC7H
Sticks001	EQU 08D1AH
Sticks002	EQU 08D6DH
Sticks003	EQU 08DC0H
Sticks004	EQU 08E13H
Sticks005	EQU 08E66H
TOGGLECOLLISONS	EQU 07A51H
TXT16		EQU 0D194H
TileTable	EQU 0C1C4H
UP		EQU 07A52H
UP1		EQU 0D12FH
UP2		EQU 0D132H
UPDOTEST	EQU 07A87H
UPMOVE		EQU 07A77H
UPSCREEN	EQU 07AA3H
WulfJumpLeft	EQU 0982AH
WulfJumpLeft000	EQU 095D3H
WulfJumpLeft001	EQU 09641H
WulfJumpRight	EQU 0982FH
WulfJumpRight000 EQU 096AFH
WulfJumpRight001 EQU 0971DH
WulfWalkLeft	EQU 09818H
WulfWalkLeft000	EQU 09263H
WulfWalkLeft001	EQU 092D1H
WulfWalkLeft002	EQU 0933FH
WulfWalkLeft003	EQU 093ADH
WulfWalkRight	EQU 09821H
WulfWalkRight000 EQU 0941BH
WulfWalkRight001 EQU 09489H
WulfWalkRight002 EQU 094F7H
WulfWalkRight003 EQU 09565H
bms1		EQU 07E30H
bms2		EQU 07E49H
cave01l		EQU 0BC94H
cave01r		EQU 0C05DH
cave02l		EQU 0BCE7H
cave02r		EQU 0BEA2H
cave03		EQU 0A833H
cave03a		EQU 0C0B0H
cave04		EQU 0AE13H
cave05		EQU 0AF13H
cave06		EQU 0AEEDH
cave07		EQU 0AF39H
cave08		EQU 0B0EFH
cave09		EQU 0B081H
cave10		EQU 0B013H
cave11		EQU 0B1C9H
dc1		EQU 07EC4H
ds1		EQU 07E58H
dt1		EQU 07E8AH
dt2		EQU 07EA3H
hut00		EQU 0B2D9H
mountain_bottom00 EQU 0BA4EH
mountain_bottom01 EQU 0BC48H
mountain_bottom02 EQU 0BC6EH
mountain_side00	EQU 0B59FH
mountain_top00	EQU 0B3E9H
mountain_top01	EQU 0B43CH
mountain_top02	EQU 0B4FBH
pond00		EQU 09B9CH
td_concrete	EQU 0C11EH
td_concrete_1	EQU 0C171H
