ATTR		EQU 05800H
ATTRLEN		EQU 00300H
Amulet01	EQU 09833H
Amulet02	EQU 0990DH
Amulet03	EQU 099E7H
Amulet04	EQU 09AC1H
Attr		EQU 07DC0H
BltMemScr	EQU 07E1CH
CHRSET		EQU 03D00H
ClrMemScr	EQU 07E07H
ClrScr		EQU 07DE6H
ColTest		EQU 07F9CH
ColTest1	EQU 07FA9H
ColTest2	EQU 07FABH
ColTestEnd	EQU 07FBAH
DOWN		EQU 07ADAH
DOWNDOTEST	EQU 07B0FH
DOWNMOVE	EQU 07AFFH
DOWNSCREEN	EQU 07B2CH
DSNCAttrs	EQU 07F68H
DSNCAttrs1	EQU 07F7BH
DSNCAttrs2	EQU 07F7FH
DSNCSkip	EQU 07F87H
DSNCattr	EQU 07F2CH
DSNCfast	EQU 07F38H
DSNCfast1	EQU 07F4CH
DSNCfast2	EQU 07F4FH
DSNCodd		EQU 07F2CH
DSNCslow	EQU 07EDEH
DSNCslow0	EQU 07EF9H
DSNCslow1	EQU 07EFBH
DSNCslow2	EQU 07F06H
Decy		EQU 07D43H
DoColTest	EQU 0DC93H
DrawMap		EQU 07D26H
DrwChr		EQU 07EB2H
DrwMapPos	EQU 079F3H
DrwPanel	EQU 079B1H
DrwScr		EQU 07E4DH
DrwSprNC	EQU 07ED8H
DrwStr		EQU 07ECAH
DrwTile		EQU 07E75H
FixCheck	EQU 07CC8H
FixSMPos	EQU 07C86H
Fixed		EQU 07CC3H
Flower		EQU 097E2H
Flower000	EQU 08B06H
Flower001	EQU 08B3EH
Flower002	EQU 08B76H
Flower003	EQU 08BAEH
Flower004	EQU 08BE6H
Flower005	EQU 08C1EH
Flower006	EQU 08C56H
Flower007	EQU 08C8EH
HI		EQU 0DC04H
Incy		EQU 07D34H
LEFT		EQU 07B64H
LEFTDOTEST	EQU 07B99H
LEFTMOVE	EQU 07B89H
LEFTSCREEN	EQU 07BB3H
LastCode	EQU 07FBDH
MAPHEIGHT	EQU 00010H
MAPPOS		EQU 0DC1CH
MAPWIDTH	EQU 00010H
MAP_Coord	EQU 0DC91H
MAttr		EQU 07D8BH
MAttr2		EQU 07DA0H
MEMSCRLEN	EQU 018BFH
MM_Move		EQU 07A1DH
MPix		EQU 07D73H
Map2Scr		EQU 07DCAH
MapIdx2Scr	EQU 07DD8H
MapTable	EQU 0D9FEH
MemAttr		EQU 076C4H
MemScr		EQU 060C4H
MoveLoop	EQU 07994H
NEXTFRAME	EQU 07C6AH
NEXTFRAME1	EQU 07C7FH
Num2Txt		EQU 07A0FH
Pause		EQU 0799FH
Pix		EQU 07D54H
Plants00	EQU 0A6C8H
Plants01	EQU 0A5E5H
Plants02	EQU 0A262H
Plants03	EQU 0A0D4H
Plants05	EQU 0A2BEH
Plants06	EQU 0A2F6H
Plants07	EQU 0A90CH
Plants08	EQU 0A081H
Plants09	EQU 0AA8AH
Plants10	EQU 09FEFH
Plants11	EQU 0A98CH
Plants12	EQU 0A4F0H
Plants13	EQU 09EB2H
Plants14	EQU 09DF3H
Plants18	EQU 0AAF8H
Plants19	EQU 09DD6H
Plants20	EQU 09D32H
Poof		EQU 09800H
Poof000		EQU 08EB8H
Poof001		EQU 08F0BH
Poof002		EQU 08F5EH
Poof003		EQU 08FB1H
Poof004		EQU 09004H
Poof005		EQU 09057H
RIGHT		EQU 07BE8H
RIGHTDOTEST	EQU 07C1DH
RIGHTMOVE	EQU 07C0DH
RIGHTSCREEN	EQU 07C38H
RhinoRunLeft	EQU 0980DH
RhinoRunLeft000	EQU 090AAH
RhinoRunLeft001	EQU 09118H
RhinoRunRight	EQU 09812H
RhinoRunRight000 EQU 09186H
RhinoRunRight001 EQU 091F4H
SCORE1		EQU 0DC07H
SCORE2		EQU 0DC0EH
SCOREC		EQU 0DC23H
SCOREH		EQU 0DC15H
SCREEN		EQU 04000H
SCREEN2		EQU 04040H
SCRLEN		EQU 01800H
SCRWIDTH	EQU 00020H
SM_Color	EQU 0DC8BH
SM_Draw		EQU 07CCFH
SM_Erase	EQU 07CEBH
SM_Frame	EQU 0DC88H
SM_Move		EQU 07A1EH
SM_OFrame	EQU 0DC8EH
SM_OPos		EQU 0DC8FH
SM_OSprite	EQU 0DC8CH
SM_Pos		EQU 0DC89H
SM_Size		EQU 07D05H
SM_Sprite	EQU 0DC86H
SabreManDeadLeft EQU 097D0H
SabreManDeadLeft000 EQU 0886EH
SabreManDeadLeft001 EQU 088C1H
SabreManDeadLeft002 EQU 08914H
SabreManDeadLeft003 EQU 08967H
SabreManDeadRight EQU 097D9H
SabreManDeadRight000 EQU 089BAH
SabreManDeadRight001 EQU 08A0DH
SabreManDeadRight002 EQU 08A60H
SabreManDeadRight003 EQU 08AB3H
SabreManSwordLeft EQU 097AEH
SabreManSwordLeft000 EQU 0833EH
SabreManSwordLeft001 EQU 08391H
SabreManSwordLeft002 EQU 083E4H
SabreManSwordLeft003 EQU 08437H
SabreManSwordLeft004 EQU 0848AH
SabreManSwordLeft005 EQU 084DDH
SabreManSwordLeft006 EQU 08530H
SabreManSwordLeft007 EQU 08583H
SabreManSwordRight EQU 097BFH
SabreManSwordRight000 EQU 085D6H
SabreManSwordRight001 EQU 08629H
SabreManSwordRight002 EQU 0867CH
SabreManSwordRight003 EQU 086CFH
SabreManSwordRight004 EQU 08722H
SabreManSwordRight005 EQU 08775H
SabreManSwordRight006 EQU 087C8H
SabreManSwordRight007 EQU 0881BH
SabreManWalkDown EQU 097A5H
SabreManWalkDown000 EQU 0825EH
SabreManWalkDown001 EQU 08296H
SabreManWalkDown002 EQU 082CEH
SabreManWalkDown003 EQU 08306H
SabreManWalkLeft EQU 0978AH
SabreManWalkLeft000 EQU 07FBEH
SabreManWalkLeft001 EQU 07FF6H
SabreManWalkLeft002 EQU 0802EH
SabreManWalkLeft003 EQU 08066H
SabreManWalkRight EQU 09793H
SabreManWalkRight000 EQU 0809EH
SabreManWalkRight001 EQU 080D6H
SabreManWalkRight002 EQU 0810EH
SabreManWalkRight003 EQU 08146H
SabreManWalkUp	EQU 0979CH
SabreManWalkUp000 EQU 0817EH
SabreManWalkUp001 EQU 081B6H
SabreManWalkUp002 EQU 081EEH
SabreManWalkUp003 EQU 08226H
ScorePanel	EQU 00000H
Screen000x000	EQU 0C856H
Screen000x001	EQU 0C99DH
Screen000x002	EQU 0CF27H
Screen000x004	EQU 0D4CBH
Screen000x008	EQU 0D61BH
Screen000x014	EQU 0D8DBH
Screen000x015	EQU 0D909H
Screen001x000	EQU 0C884H
Screen001x001	EQU 0C9E3H
Screen001x002	EQU 0CF67H
Screen001x003	EQU 0D2C0H
Screen001x015	EQU 0D937H
Screen002x001	EQU 0CAB0H
Screen002x002	EQU 0CFD4H
Screen002x015	EQU 0D962H
Screen003x000	EQU 0C8C7H
Screen003x001	EQU 0CB92H
Screen003x002	EQU 0D086H
Screen003x015	EQU 0D993H
Screen004x000	EQU 0C901H
Screen004x001	EQU 0CC80H
Screen004x002	EQU 0D189H
Screen004x003	EQU 0D348H
Screen004x004	EQU 0D4F6H
Screen005x001	EQU 0CCDEH
Screen006x001	EQU 0CD21H
Screen006x002	EQU 0D1DEH
Screen006x009	EQU 0D71EH
Screen007x001	EQU 0CD64H
Screen007x002	EQU 0D20CH
Screen007x003	EQU 0D38BH
Screen007x006	EQU 0D530H
Screen007x007	EQU 0D54FH
Screen007x008	EQU 0D64FH
Screen007x009	EQU 0D76DH
Screen008x001	EQU 0CDA1H
Screen008x002	EQU 0D252H
Screen008x003	EQU 0D3DAH
Screen008x007	EQU 0D59BH
Screen008x008	EQU 0D69EH
Screen008x009	EQU 0D7A4H
Screen009x003	EQU 0D41DH
Screen010x000	EQU 0C935H
Screen010x009	EQU 0D7E1H
Screen011x001	EQU 0CDE7H
Screen012x001	EQU 0CE2DH
Screen012x013	EQU 0D898H
Screen013x001	EQU 0CE7CH
Screen013x003	EQU 0D469H
Screen014x001	EQU 0CEBFH
Screen014x009	EQU 0D815H
Screen015x000	EQU 0C96CH
Screen015x001	EQU 0CEF0H
Screen015x002	EQU 0D28FH
Screen015x003	EQU 0D49AH
Screen015x007	EQU 0D5EAH
Screen015x008	EQU 0D6EDH
Screen015x011	EQU 0D861H
Screen015x015	EQU 0D9C4H
Scrolls		EQU 0DC85H
SpriteTable	EQU 0978AH
Start		EQU 07985H
Sticks		EQU 097F3H
Sticks000	EQU 08CC6H
Sticks001	EQU 08D19H
Sticks002	EQU 08D6CH
Sticks003	EQU 08DBFH
Sticks004	EQU 08E12H
Sticks005	EQU 08E65H
TOGGLECOLLISONS	EQU 07A50H
TXT16		EQU 0DC63H
TileTable	EQU 0C7D6H
UP		EQU 07A51H
UP1		EQU 0DBFEH
UP2		EQU 0DC01H
UPDOTEST	EQU 07A86H
UPMOVE		EQU 07A76H
UPSCREEN	EQU 07AA2H
WulfJumpLeft	EQU 09829H
WulfJumpLeft000	EQU 095D2H
WulfJumpLeft001	EQU 09640H
WulfJumpRight	EQU 0982EH
WulfJumpRight000 EQU 096AEH
WulfJumpRight001 EQU 0971CH
WulfWalkLeft	EQU 09817H
WulfWalkLeft000	EQU 09262H
WulfWalkLeft001	EQU 092D0H
WulfWalkLeft002	EQU 0933EH
WulfWalkLeft003	EQU 093ACH
WulfWalkRight	EQU 09820H
WulfWalkRight000 EQU 0941AH
WulfWalkRight001 EQU 09488H
WulfWalkRight002 EQU 094F6H
WulfWalkRight003 EQU 09564H
bms1		EQU 07E2FH
bms2		EQU 07E48H
cave01l		EQU 0BC93H
cave01r		EQU 0C05CH
cave02l		EQU 0BCE6H
cave02r		EQU 0BEA1H
cave03		EQU 0A832H
cave03a		EQU 0C0AFH
cave04		EQU 0AE12H
cave05		EQU 0AF12H
cave06		EQU 0AEECH
cave07		EQU 0AF38H
cave08		EQU 0B0EEH
cave09		EQU 0B080H
cave10		EQU 0B012H
cave11		EQU 0B1C8H
dc1		EQU 07EC3H
ds1		EQU 07E57H
dt1		EQU 07E89H
dt2		EQU 07EA2H
hut00		EQU 0B2D8H
mountain_bottom00 EQU 0BA4DH
mountain_bottom01 EQU 0BC47H
mountain_bottom02 EQU 0BC6DH
mountain_side00	EQU 0B59EH
mountain_top00	EQU 0B3E8H
mountain_top01	EQU 0B43BH
mountain_top02	EQU 0B4FAH
pond00		EQU 09B9BH
td_box		EQU 0C4AAH
td_box_1	EQU 0C4FDH
td_bricks	EQU 0C783H
td_bricks_1	EQU 0C56DH
td_chair	EQU 0C6B9H
td_checker	EQU 0C613H
td_concrete	EQU 0C11DH
td_concrete_1	EQU 0C170H
td_concrete_wall EQU 0C42FH
td_dangerZone	EQU 0C43AH
td_door		EQU 0C48DH
td_grass_checker EQU 0C1C3H
td_metal	EQU 0C37EH
td_metal_block	EQU 0C3D1H
td_metal_block_mini EQU 0C424H
td_roadLane	EQU 0C666H
td_table	EQU 0C6DFH
td_window	EQU 0C550H
td_window_1	EQU 0C5C0H
