AR_AmplA	EQU 00008H
AR_AmplB	EQU 00009H
AR_AmplC	EQU 0000AH
AR_Env		EQU 0000BH
AR_EnvTp	EQU 0000DH
AR_Mixer	EQU 00007H
AR_Noise	EQU 00006H
AR_Size		EQU 0000EH
AR_TonA		EQU 00000H
AR_TonB		EQU 00002H
AR_TonC		EQU 00004H
ATTR		EQU 05800H
ATTRLEN		EQU 00300H
AYREGS		EQU 0811BH
AdInPtA		EQU 07E48H
AdInPtB		EQU 07E9EH
AdInPtC		EQU 07EBAH
AddToEn		EQU 07F53H
AddToNs		EQU 0811AH
Ampl		EQU 08125H
Amulet01	EQU 0B0F5H
Amulet02	EQU 0B100H
Amulet03	EQU 0B10BH
Amulet04	EQU 0B116H
Attr		EQU 09656H
BltMemScr	EQU 096B2H
CHECKLP		EQU 07991H
CHNPRM_COnOff	EQU 0000AH
CHNPRM_COnOff12	EQU 00002H
CHNPRM_CrAmSl	EQU 00002H
CHNPRM_CrAmSl12	EQU 0FFF6H
CHNPRM_CrEnSl	EQU 00004H
CHNPRM_CrEnSl12	EQU 0FFF8H
CHNPRM_CrNsSl	EQU 00003H
CHNPRM_CrNsSl12	EQU 0FFF7H
CHNPRM_CrTnSl	EQU 00006H
CHNPRM_CrTnSl1	EQU 00007H
CHNPRM_CrTnSl12	EQU 00006H
CHNPRM_CrTnSl13	EQU 00005H
CHNPRM_Env_En	EQU 00014H
CHNPRM_Env_En12	EQU 00008H
CHNPRM_Flags	EQU 00015H
CHNPRM_Flags12	EQU 00009H
CHNPRM_NNtSkp	EQU 00011H
CHNPRM_NNtSkp12	EQU 00005H
CHNPRM_Note	EQU 00012H
CHNPRM_Note12	EQU 00006H
CHNPRM_NtSkCn	EQU 0001BH
CHNPRM_NtSkCn12	EQU 0000FH
CHNPRM_OffOnD	EQU 0000CH
CHNPRM_OffOnD12	EQU 00000H
CHNPRM_OnOffD	EQU 0000BH
CHNPRM_OnOffD12	EQU 00001H
CHNPRM_OrnPtr	EQU 0000DH
CHNPRM_OrnPtr1	EQU 0000EH
CHNPRM_OrnPtr12	EQU 00001H
CHNPRM_OrnPtr13	EQU 00002H
CHNPRM_PsInOr	EQU 00000H
CHNPRM_PsInOr12	EQU 0000CH
CHNPRM_PsInSm	EQU 00001H
CHNPRM_PsInSm12	EQU 0000BH
CHNPRM_SamPtr	EQU 0000FH
CHNPRM_SamPtr1	EQU 00010H
CHNPRM_SamPtr12	EQU 00003H
CHNPRM_SamPtr13	EQU 00004H
CHNPRM_Size	EQU 0001DH
CHNPRM_SlToNt	EQU 00013H
CHNPRM_SlToNt12	EQU 00007H
CHNPRM_TSlCnt	EQU 00005H
CHNPRM_TSlCnt12	EQU 00007H
CHNPRM_TSlStp	EQU 00017H
CHNPRM_TSlStp12	EQU 0000BH
CHNPRM_TSlStp13	EQU 0000CH
CHNPRM_TnAcc	EQU 00008H
CHNPRM_TnAcc1	EQU 00009H
CHNPRM_TnAcc12	EQU 0FFFCH
CHNPRM_TnAcc13	EQU 0FFFDH
CHNPRM_TnDelt	EQU 00019H
CHNPRM_TnDelt12	EQU 0000DH
CHNPRM_TnDelt13	EQU 0000EH
CHNPRM_TnSlDl	EQU 00016H
CHNPRM_TnSlDl12	EQU 0000AH
CHNPRM_Volume	EQU 0001CH
CHNPRM_Volume12	EQU 00010H
CHREGS		EQU 07CD9H
CHRSET		EQU 03D00H
CH_AMIN		EQU 07DABH
CH_AMP		EQU 07D99H
CH_APOS		EQU 07DBCH
CH_ENV		EQU 07DCDH
CH_EXIT		EQU 07E07H
CH_MIX		EQU 07E03H
CH_NOAC		EQU 07D3EH
CH_NOAM		EQU 07DB3H
CH_NOEN		EQU 07DD4H
CH_NOK		EQU 07D0DH
CH_NTP		EQU 07D07H
CH_ONDL		EQU 07E26H
CH_ORPS		EQU 07CFCH
CH_SMPS		EQU 07D28H
CH_STPP		EQU 07D84H
CH_SVAM		EQU 07DB0H
CH_VOL		EQU 07DC2H
CNT1		EQU 05C7BH
CORR_1		EQU 07ABCH
CORR_2		EQU 07ACAH
CSP_		EQU 07D51H
C_DELAY		EQU 07C7EH
C_ENGLS		EQU 07C6CH
C_GLISS		EQU 07C35H
C_NOP		EQU 07C9FH
C_ORPOS		EQU 07C4EH
C_PORTM		EQU 07BCAH
C_SMPOS		EQU 07C48H
C_VIBRT		EQU 07C54H
ChanA		EQU 080ACH
ChanB		EQU 080C9H
ChanC		EQU 080E6H
ClrMemScr	EQU 0969DH
ClrScr		EQU 0967CH
ColTest		EQU 09832H
ColTest1	EQU 0983FH
ColTest2	EQU 09841H
ColTestEnd	EQU 09850H
CrPsPtr		EQU 0797DH
CurEDel		EQU 08118H
CurESld		EQU 08116H
DOWN		EQU 09370H
DOWNDOTEST	EQU 093A5H
DOWNMOVE	EQU 09395H
DOWNSCREEN	EQU 093C2H
DSNCAttrs	EQU 097FEH
DSNCAttrs1	EQU 09811H
DSNCAttrs2	EQU 09815H
DSNCSkip	EQU 0981DH
DSNCattr	EQU 097C2H
DSNCfast	EQU 097CEH
DSNCfast1	EQU 097E2H
DSNCfast2	EQU 097E5H
DSNCodd		EQU 097C2H
DSNCslow	EQU 09774H
DSNCslow0	EQU 0978FH
DSNCslow1	EQU 09791H
DSNCslow2	EQU 0979CH
Decy		EQU 095D9H
Delay		EQU 07E3DH
DelyCnt		EQU 08115H
DoColTest	EQU 0EFA8H
DrawMap		EQU 095BCH
DrawScr		EQU 0D3A2H
DrwChr		EQU 09748H
DrwMapPos	EQU 09274H
DrwPanel	EQU 09232H
DrwScr		EQU 096E3H
DrwScrClr	EQU 0D3AEH
DrwScrLp	EQU 0D3BDH
DrwSprNC	EQU 0976EH
DrwStr		EQU 09760H
DrwTile		EQU 0970BH
EMPTYSAMORN	EQU 08069H
ESldAdd		EQU 07F72H
EnvBase		EQU 08137H
Env_Del		EQU 07F6FH
FXAddr		EQU 082F9H
FXCHUNKBIN	EQU 0830CH
FXNext		EQU 082FBH
FXNtOff		EQU 08302H
FXOrnPtr	EQU 08308H
FXPitch		EQU 08300H
FXPrsPtr	EQU 0830AH
FXRand		EQU 082FFH
FXSmPtr		EQU 08306H
FXTrig		EQU 082FDH
FXVol		EQU 082FEH
FixCheck	EQU 0955EH
FixSMPos	EQU 0951CH
Fixed		EQU 09559H
Flower		EQU 0B0A4H
Flower000	EQU 0A3C8H
Flower001	EQU 0A400H
Flower002	EQU 0A438H
Flower003	EQU 0A470H
Flower004	EQU 0A4A8H
Flower005	EQU 0A4E0H
Flower006	EQU 0A518H
Flower007	EQU 0A550H
GameTrigger	EQU 09853H
HI		EQU 0EF0DH
INIT		EQU 079AEH
INITSFX		EQU 07F96H
INITSFX2	EQU 07F99H
INITSFX3	EQU 07FCAH
INITV1		EQU 07AEEH
INITV2		EQU 07AE9H
ISR		EQU 06065H
ISR_I		EQU 06001H
ISR_Start	EQU 06002H
ISR_Stop	EQU 06012H
ISR_VEC_TABLE	EQU 05F00H
Incy		EQU 095CAH
L1		EQU 07A8AH
L2		EQU 07A97H
L20		EQU 07A58H
L21		EQU 07A5AH
L3		EQU 07A9BH
LEFT		EQU 093FAH
LEFTDOTEST	EQU 0942FH
LEFTMOVE	EQU 0941FH
LEFTSCREEN	EQU 09449H
LOUT		EQU 07F82H
LPosPtr		EQU 07E5EH
LastCode	EQU 0987FH
M1		EQU 07AE0H
M2		EQU 07AEFH
M3		EQU 07B06H
MAPHEIGHT	EQU 00010H
MAPPOS		EQU 0EF31H
MAPWIDTH	EQU 00010H
MAP_Coord	EQU 0EFA6H
MAttr		EQU 09621H
MAttr2		EQU 09636H
MDADDR2		EQU 07CAFH
MDADDR3		EQU 082F6H
MDLADDR		EQU 09000H
MEMSCRLEN	EQU 018BFH
MM_Move		EQU 0929EH
MODADDR		EQU 07B23H
MODOPtr		EQU 082F2H
MODSPtr		EQU 082F0H
MODTPtr		EQU 082F4H
MPix		EQU 09609H
MUTE		EQU 079A2H
Map2Scr		EQU 09660H
MapIdx2Scr	EQU 0966EH
MapTable	EQU 0D12AH
MemAttr		EQU 07680H
MemScr		EQU 06080H
MoveLoop	EQU 0795FH
NEXTFRAME	EQU 09500H
NEXTFRAME1	EQU 09515H
NEXTTAP_ADR	EQU 05EFDH
NEXTTAP_SIZE	EQU 0A043H
NEXT_TUNE	EQU 08F1DH
NOSIG		EQU 07C1FH
NO_ENAC		EQU 07DEEH
NO_ENSL		EQU 07DF5H
NT_		EQU 08229H
NT_DATA		EQU 08019H
Ns_Base		EQU 08119H
Ns_Base_AddToNs	EQU 08119H
Num2Txt		EQU 09290H
OLDPRTM		EQU 07C16H
OrnPtrs		EQU 07CA8H
PDSP_		EQU 07BC0H
PD_ENV		EQU 07B49H
PD_EOff		EQU 07B37H
PD_ESAM		EQU 07B53H
PD_FIN		EQU 07BC3H
PD_LOOP		EQU 07B6FH
PD_LP2		EQU 07B72H
PD_NOIS		EQU 07B9FH
PD_NOTE		EQU 07BAAH
PD_ORN		EQU 07B4EH
PD_OrSm		EQU 07B0DH
PD_REL		EQU 07BA4H
PD_RES		EQU 07BB2H
PD_SAM		EQU 07B17H
PD_SAM_		EQU 07B18H
PD_SorE		EQU 07B3FH
PD_VOL		EQU 07B2EH
PL1A		EQU 07E88H
PL1B		EQU 07E93H
PL1C		EQU 07EA7H
PL2		EQU 07EC6H
PL2B		EQU 07F17H
PLAY		EQU 07E2AH
PLAYSFX		EQU 07FD5H
PLAYSFX2	EQU 0800FH
PLNLP		EQU 07E62H
PSFXNO		EQU 08003H
PSFXREP		EQU 08009H
PSP_		EQU 07E85H
PTDECOD		EQU 07B60H
PatsPtr		EQU 07E6BH
Pause		EQU 0921DH
Pause1000	EQU 0D3E1H
Pause60000	EQU 0D3F3H
Pix		EQU 095EAH
Plants00	EQU 0B407H
Plants01	EQU 0B3FCH
Plants02	EQU 0B352H
Plants03	EQU 0B1C4H
Plants05	EQU 0B3AEH
Plants06	EQU 0B3E6H
Plants07	EQU 0B4ECH
Plants08	EQU 0B171H
Plants09	EQU 0B577H
Plants10	EQU 0B167H
Plants11	EQU 0B56CH
Plants12	EQU 0B3F1H
Plants13	EQU 0B15DH
Plants14	EQU 0B153H
Plants18	EQU 0B5E5H
Plants19	EQU 0B136H
Plants20	EQU 0B12CH
Poof		EQU 0B0C2H
Poof000		EQU 0A77AH
Poof001		EQU 0A7CDH
Poof002		EQU 0A820H
Poof003		EQU 0A873H
Poof004		EQU 0A8C6H
Poof005		EQU 0A919H
PrNote		EQU 07BEBH
PrSlide		EQU 07C0DH
RIGHT		EQU 0947EH
RIGHTDOTEST	EQU 094B3H
RIGHTMOVE	EQU 094A3H
RIGHTSCREEN	EQU 094CEH
ROUT		EQU 07F78H
ROUT_A0		EQU 07F79H
Release		EQU 00036H
RhinoRunLeft	EQU 0B0CFH
RhinoRunLeft000	EQU 0A96CH
RhinoRunLeft001	EQU 0A9DAH
RhinoRunRight	EQU 0B0D4H
RhinoRunRight000 EQU 0AA48H
RhinoRunRight001 EQU 0AAB6H
SCORE1		EQU 0EF1CH
SCORE2		EQU 0EF23H
SCOREC		EQU 0EF38H
SCOREH		EQU 0EF2AH
SCREEN		EQU 04000H
SCREEN2		EQU 04040H
SCRLEN		EQU 01800H
SCRWIDTH	EQU 00020H
SETENV		EQU 07C84H
SETORN		EQU 07CA0H
SETUP		EQU 0797CH
SET_STP		EQU 07C29H
SFXH		EQU 07ECDH
SFXH2		EQU 07ED4H
SFXH3		EQU 07F17H
SFXMode		EQU 082F8H
SFX_INIT	EQU 0797FH
SFX_INIT2	EQU 07982H
SFX_MODE	EQU 0798BH
SFX_PLAY	EQU 07985H
SFX_PLAY2	EQU 07988H
SM_Color	EQU 0EFA0H
SM_Draw		EQU 09565H
SM_Erase	EQU 09581H
SM_Frame	EQU 0EF9DH
SM_Move		EQU 0929FH
SM_Move2	EQU 092AAH
SM_OFrame	EQU 0EFA3H
SM_OPos		EQU 0EFA4H
SM_OSprite	EQU 0EFA1H
SM_Pos		EQU 0EF9EH
SM_Size		EQU 0959BH
SM_Sprite	EQU 0EF9BH
SN1_ExitFromSplash EQU 0D36BH
SN1_PGLoop1	EQU 0D338H
SN1_PGLoop2	EQU 0D355H
SND_INIT	EQU 07972H
SND_INIT_HL	EQU 07975H
SND_MUTE	EQU 0797AH
SND_PLAY	EQU 07977H
SND_SETSFXM	EQU 0798DH
SND_START	EQU 07972H
SPCCOMS		EQU 07CB9H
SPRINT		EQU 05C7CH
START_SPRINT	EQU 092E1H
SabreManDeadLeft EQU 0B092H
SabreManDeadLeft000 EQU 0A130H
SabreManDeadLeft001 EQU 0A183H
SabreManDeadLeft002 EQU 0A1D6H
SabreManDeadLeft003 EQU 0A229H
SabreManDeadRight EQU 0B09BH
SabreManDeadRight000 EQU 0A27CH
SabreManDeadRight001 EQU 0A2CFH
SabreManDeadRight002 EQU 0A322H
SabreManDeadRight003 EQU 0A375H
SabreManSwordLeft EQU 0B070H
SabreManSwordLeft000 EQU 09C00H
SabreManSwordLeft001 EQU 09C53H
SabreManSwordLeft002 EQU 09CA6H
SabreManSwordLeft003 EQU 09CF9H
SabreManSwordLeft004 EQU 09D4CH
SabreManSwordLeft005 EQU 09D9FH
SabreManSwordLeft006 EQU 09DF2H
SabreManSwordLeft007 EQU 09E45H
SabreManSwordRight EQU 0B081H
SabreManSwordRight000 EQU 09E98H
SabreManSwordRight001 EQU 09EEBH
SabreManSwordRight002 EQU 09F3EH
SabreManSwordRight003 EQU 09F91H
SabreManSwordRight004 EQU 09FE4H
SabreManSwordRight005 EQU 0A037H
SabreManSwordRight006 EQU 0A08AH
SabreManSwordRight007 EQU 0A0DDH
SabreManWalkDown EQU 0B067H
SabreManWalkDown000 EQU 09B20H
SabreManWalkDown001 EQU 09B58H
SabreManWalkDown002 EQU 09B90H
SabreManWalkDown003 EQU 09BC8H
SabreManWalkLeft EQU 0B04CH
SabreManWalkLeft000 EQU 09880H
SabreManWalkLeft001 EQU 098B8H
SabreManWalkLeft002 EQU 098F0H
SabreManWalkLeft003 EQU 09928H
SabreManWalkRight EQU 0B055H
SabreManWalkRight000 EQU 09960H
SabreManWalkRight001 EQU 09998H
SabreManWalkRight002 EQU 099D0H
SabreManWalkRight003 EQU 09A08H
SabreManWalkUp	EQU 0B05EH
SabreManWalkUp000 EQU 09A40H
SabreManWalkUp001 EQU 09A78H
SabreManWalkUp002 EQU 09AB0H
SabreManWalkUp003 EQU 09AE8H
SamPtrs		EQU 07B1CH
ScienceDevice	EQU 0D405H
ScorePanel	EQU 00000H
Screen000x000	EQU 0BFFFH
Screen000x001	EQU 0C000H
Screen000x002	EQU 0C39BH
Screen000x004	EQU 0CA95H
Screen001x001	EQU 0C0ACH
Screen001x002	EQU 0C4A1H
Screen001x003	EQU 0C742H
Screen001x004	EQU 0CB9EH
Screen002x001	EQU 0C179H
Screen002x002	EQU 0C538H
Screen002x003	EQU 0C866H
Screen002x004	EQU 0CDF7H
Screen003x001	EQU 0C24FH
Screen003x002	EQU 0C5EAH
Screen003x003	EQU 0C9A2H
Screen003x004	EQU 0CF3FH
Screen004x001	EQU 0C33DH
Screen004x002	EQU 0C6EDH
Screen004x003	EQU 0CA24H
Screen004x004	EQU 0D087H
Screen005x003	EQU 0CA67H
Screen1		EQU 0D32AH
Scrolls		EQU 0EF9AH
SpriteTable	EQU 0B04CH
Start		EQU 07950H
Sticks		EQU 0B0B5H
Sticks000	EQU 0A588H
Sticks001	EQU 0A5DBH
Sticks002	EQU 0A62EH
Sticks003	EQU 0A681H
Sticks004	EQU 0A6D4H
Sticks005	EQU 0A727H
T1_		EQU 08139H
TCNEW_0		EQU 08053H
TCNEW_1		EQU 08035H
TCNEW_2		EQU 0805EH
TCNEW_3		EQU 08049H
TCOLD_0		EQU 08029H
TCOLD_1		EQU 08035H
TCOLD_2		EQU 08037H
TCOLD_3		EQU 0804AH
TC_EXIT		EQU 07AD1H
TITLE_TUNE	EQU 08528H
TOGGLECOLLISONS	EQU 092E0H
TP_0		EQU 079FCH
TP_1		EQU 07A08H
TP_2		EQU 07A0FH
TXT16		EQU 0EF78H
T_		EQU 08029H
T_NEW_0		EQU 0816BH
T_NEW_1		EQU 08139H
T_NEW_2		EQU 08183H
T_NEW_3		EQU 08169H
T_OLD_0		EQU 0816BH
T_OLD_1		EQU 08139H
T_OLD_2		EQU 08151H
T_OLD_3		EQU 08169H
T_PACK		EQU 08073H
TapLoad		EQU 0D37EH
TileTable	EQU 0BF7FH
UP		EQU 092E7H
UP1		EQU 0EF07H
UP2		EQU 0EF0AH
UPDOTEST	EQU 0931CH
UPMOVE		EQU 0930CH
UPSCREEN	EQU 09338H
VAR0END		EQU 08139H
VARS		EQU 080A8H
VARSEND		EQU 082E9H
VT_		EQU 08129H
Version		EQU 07C08H
WaitForSpace	EQU 0D3D7H
WulfJumpLeft	EQU 0B0EBH
WulfJumpLeft000	EQU 0AE94H
WulfJumpLeft001	EQU 0AF02H
WulfJumpRight	EQU 0B0F0H
WulfJumpRight000 EQU 0AF70H
WulfJumpRight001 EQU 0AFDEH
WulfWalkLeft	EQU 0B0D9H
WulfWalkLeft000	EQU 0AB24H
WulfWalkLeft001	EQU 0AB92H
WulfWalkLeft002	EQU 0AC00H
WulfWalkLeft003	EQU 0AC6EH
WulfWalkRight	EQU 0B0E2H
WulfWalkRight000 EQU 0ACDCH
WulfWalkRight001 EQU 0AD4AH
WulfWalkRight002 EQU 0ADB8H
WulfWalkRight003 EQU 0AE26H
bms1		EQU 096C5H
bms2		EQU 096DEH
cave01l		EQU 0B847H
cave01r		EQU 0B89EH
cave02l		EQU 0B864H
cave02r		EQU 0B881H
cave03		EQU 0B412H
cave03a		EQU 0B8BBH
cave04		EQU 0B5F0H
cave05		EQU 0B6F0H
cave06		EQU 0B6CAH
cave07		EQU 0B716H
cave08		EQU 0B737H
cave09		EQU 0B72CH
cave10		EQU 0B721H
cave11		EQU 0B742H
colx16		EQU 09877H
dc1		EQU 09759H
ds1		EQU 096EDH
dt1		EQU 0971FH
dt2		EQU 09738H
exa		EQU 0D39AH
hut00		EQU 0B74DH
load_and_run_file EQU 0D38DH
main		EQU 07941H
mountain_bottom00 EQU 0B7DEH
mountain_bottom01 EQU 0B7FBH
mountain_bottom02 EQU 0B821H
mountain_side00	EQU 0B7C1H
mountain_top00	EQU 0B76AH
mountain_top01	EQU 0B787H
mountain_top02	EQU 0B7A4H
pond00		EQU 0B121H
start		EQU 05EFDH
td_box		EQU 0BC53H
td_box_1	EQU 0BCA6H
td_bricks	EQU 0BF2CH
td_bricks_1	EQU 0BD16H
td_chair	EQU 0BE62H
td_checker	EQU 0BDBCH
td_concrete	EQU 0B8C6H
td_concrete_1	EQU 0B919H
td_concrete_wall EQU 0BBD8H
td_dangerZone	EQU 0BBE3H
td_door		EQU 0BC36H
td_grass_checker EQU 0B96CH
td_metal	EQU 0BB27H
td_metal_block	EQU 0BB7AH
td_metal_block_mini EQU 0BBCDH
td_roadLane	EQU 0BE0FH
td_table	EQU 0BE88H
td_window	EQU 0BCF9H
td_window_1	EQU 0BD69H
